Archive member included to satisfy reference by file (symbol)

c:/vish/softwares/microchip studio/xc8_compiler/avr/bin/../lib/gcc/avr/5.4.0/avr5/memx-const\libgcc.a(_copy_data.o)
                              main.o (__do_copy_data)
c:/vish/softwares/microchip studio/xc8_compiler/avr/bin/../lib/gcc/avr/5.4.0/../../../../avr/lib/avr5/memx-const\libc.a(exit.o)
                              C:/VISH/Softwares/Microchip Studio/7.0/Packs/atmel/ATmega_DFP/1.7.374/xc8/avr/lib/avr5/memx-const/crtatmega328p.o (exit)
c:/vish/softwares/microchip studio/xc8_compiler/avr/bin/../lib/gcc/avr/5.4.0/../../../../avr/lib/avr5/memx-const\libc.a(_Exit.o)
                              c:/vish/softwares/microchip studio/xc8_compiler/avr/bin/../lib/gcc/avr/5.4.0/../../../../avr/lib/avr5/memx-const\libc.a(exit.o) (_Exit)
c:/vish/softwares/microchip studio/xc8_compiler/avr/bin/../lib/gcc/avr/5.4.0/avr5/memx-const\libgcc.a(_exit.o)
                              c:/vish/softwares/microchip studio/xc8_compiler/avr/bin/../lib/gcc/avr/5.4.0/../../../../avr/lib/avr5/memx-const\libc.a(_Exit.o) (_exit)

Allocating common symbols
Common symbol       size              file

str1                0xa               main.o
rcv                 0x1               main.o
str                 0x19              speaker.o

Discarded input sections

 .data          0x0000000000000000        0x0 C:/VISH/Softwares/Microchip Studio/7.0/Packs/atmel/ATmega_DFP/1.7.374/xc8/avr/lib/avr5/memx-const/crtatmega328p.o
 .bss           0x0000000000000000        0x0 C:/VISH/Softwares/Microchip Studio/7.0/Packs/atmel/ATmega_DFP/1.7.374/xc8/avr/lib/avr5/memx-const/crtatmega328p.o
 .text          0x0000000000000000        0x0 lookup.o
 .data          0x0000000000000000        0x0 lookup.o
 .bss           0x0000000000000000        0x0 lookup.o
 .progmemx.data.speaker_lookup
                0x0000000000000000       0x5f lookup.o
 .text          0x0000000000000000        0x0 main.o
 .data          0x0000000000000000        0x0 main.o
 .bss           0x0000000000000000        0x0 main.o
 .data.flag     0x0000000000000000        0x2 main.o
 .text          0x0000000000000000        0x0 speaker.o
 .data          0x0000000000000000        0x0 speaker.o
 .bss           0x0000000000000000        0x0 speaker.o
 .text.speaker_play
                0x0000000000000000        0xc speaker.o
 COMMON         0x0000000000000000       0x19 speaker.o
 .text          0x0000000000000000        0x0 uart.o
 .data          0x0000000000000000        0x0 uart.o
 .bss           0x0000000000000000        0x0 uart.o
 .text.UART_putstring
                0x0000000000000000       0x1a uart.o
 .text          0x0000000000000000        0x0 c:/vish/softwares/microchip studio/xc8_compiler/avr/bin/../lib/gcc/avr/5.4.0/avr5/memx-const\libgcc.a(_copy_data.o)
 .data          0x0000000000000000        0x0 c:/vish/softwares/microchip studio/xc8_compiler/avr/bin/../lib/gcc/avr/5.4.0/avr5/memx-const\libgcc.a(_copy_data.o)
 .bss           0x0000000000000000        0x0 c:/vish/softwares/microchip studio/xc8_compiler/avr/bin/../lib/gcc/avr/5.4.0/avr5/memx-const\libgcc.a(_copy_data.o)
 .text.libgcc.mul
                0x0000000000000000        0x0 c:/vish/softwares/microchip studio/xc8_compiler/avr/bin/../lib/gcc/avr/5.4.0/avr5/memx-const\libgcc.a(_copy_data.o)
 .text.libgcc.div
                0x0000000000000000        0x0 c:/vish/softwares/microchip studio/xc8_compiler/avr/bin/../lib/gcc/avr/5.4.0/avr5/memx-const\libgcc.a(_copy_data.o)
 .text.libgcc   0x0000000000000000        0x0 c:/vish/softwares/microchip studio/xc8_compiler/avr/bin/../lib/gcc/avr/5.4.0/avr5/memx-const\libgcc.a(_copy_data.o)
 .text.libgcc.prologue
                0x0000000000000000        0x0 c:/vish/softwares/microchip studio/xc8_compiler/avr/bin/../lib/gcc/avr/5.4.0/avr5/memx-const\libgcc.a(_copy_data.o)
 .text.libgcc.builtins
                0x0000000000000000        0x0 c:/vish/softwares/microchip studio/xc8_compiler/avr/bin/../lib/gcc/avr/5.4.0/avr5/memx-const\libgcc.a(_copy_data.o)
 .text.libgcc.fmul
                0x0000000000000000        0x0 c:/vish/softwares/microchip studio/xc8_compiler/avr/bin/../lib/gcc/avr/5.4.0/avr5/memx-const\libgcc.a(_copy_data.o)
 .text.libgcc.fixed
                0x0000000000000000        0x0 c:/vish/softwares/microchip studio/xc8_compiler/avr/bin/../lib/gcc/avr/5.4.0/avr5/memx-const\libgcc.a(_copy_data.o)
 .text          0x0000000000000000        0x0 c:/vish/softwares/microchip studio/xc8_compiler/avr/bin/../lib/gcc/avr/5.4.0/../../../../avr/lib/avr5/memx-const\libc.a(exit.o)
 .data          0x0000000000000000        0x0 c:/vish/softwares/microchip studio/xc8_compiler/avr/bin/../lib/gcc/avr/5.4.0/../../../../avr/lib/avr5/memx-const\libc.a(exit.o)
 .bss           0x0000000000000000        0x0 c:/vish/softwares/microchip studio/xc8_compiler/avr/bin/../lib/gcc/avr/5.4.0/../../../../avr/lib/avr5/memx-const\libc.a(exit.o)
 .text          0x0000000000000000        0x0 c:/vish/softwares/microchip studio/xc8_compiler/avr/bin/../lib/gcc/avr/5.4.0/../../../../avr/lib/avr5/memx-const\libc.a(_Exit.o)
 .data          0x0000000000000000        0x0 c:/vish/softwares/microchip studio/xc8_compiler/avr/bin/../lib/gcc/avr/5.4.0/../../../../avr/lib/avr5/memx-const\libc.a(_Exit.o)
 .bss           0x0000000000000000        0x0 c:/vish/softwares/microchip studio/xc8_compiler/avr/bin/../lib/gcc/avr/5.4.0/../../../../avr/lib/avr5/memx-const\libc.a(_Exit.o)
 .text          0x0000000000000000        0x0 c:/vish/softwares/microchip studio/xc8_compiler/avr/bin/../lib/gcc/avr/5.4.0/avr5/memx-const\libgcc.a(_exit.o)
 .data          0x0000000000000000        0x0 c:/vish/softwares/microchip studio/xc8_compiler/avr/bin/../lib/gcc/avr/5.4.0/avr5/memx-const\libgcc.a(_exit.o)
 .bss           0x0000000000000000        0x0 c:/vish/softwares/microchip studio/xc8_compiler/avr/bin/../lib/gcc/avr/5.4.0/avr5/memx-const\libgcc.a(_exit.o)
 .text.libgcc.mul
                0x0000000000000000        0x0 c:/vish/softwares/microchip studio/xc8_compiler/avr/bin/../lib/gcc/avr/5.4.0/avr5/memx-const\libgcc.a(_exit.o)
 .text.libgcc.div
                0x0000000000000000        0x0 c:/vish/softwares/microchip studio/xc8_compiler/avr/bin/../lib/gcc/avr/5.4.0/avr5/memx-const\libgcc.a(_exit.o)
 .text.libgcc   0x0000000000000000        0x0 c:/vish/softwares/microchip studio/xc8_compiler/avr/bin/../lib/gcc/avr/5.4.0/avr5/memx-const\libgcc.a(_exit.o)
 .text.libgcc.prologue
                0x0000000000000000        0x0 c:/vish/softwares/microchip studio/xc8_compiler/avr/bin/../lib/gcc/avr/5.4.0/avr5/memx-const\libgcc.a(_exit.o)
 .stack.descriptors
                0x0000000000000000       0x13 c:/vish/softwares/microchip studio/xc8_compiler/avr/bin/../lib/gcc/avr/5.4.0/avr5/memx-const\libgcc.a(_exit.o)
 .text.libgcc.builtins
                0x0000000000000000        0x0 c:/vish/softwares/microchip studio/xc8_compiler/avr/bin/../lib/gcc/avr/5.4.0/avr5/memx-const\libgcc.a(_exit.o)
 .text.libgcc.fmul
                0x0000000000000000        0x0 c:/vish/softwares/microchip studio/xc8_compiler/avr/bin/../lib/gcc/avr/5.4.0/avr5/memx-const\libgcc.a(_exit.o)
 .text.libgcc.fixed
                0x0000000000000000        0x0 c:/vish/softwares/microchip studio/xc8_compiler/avr/bin/../lib/gcc/avr/5.4.0/avr5/memx-const\libgcc.a(_exit.o)

Memory Configuration

Name             Origin             Length             Attributes
text             0x0000000000000000 0x0000000000008000 xr
data             0x0000000000800100 0x0000000000000800 rw !x
eeprom           0x0000000000810000 0x0000000000000400 rw !x
fuse             0x0000000000820000 0x0000000000000003 rw !x
lock             0x0000000000830000 0x0000000000000400 rw !x
signature        0x0000000000840000 0x0000000000000400 rw !x
user_signatures  0x0000000000850000 0x0000000000000400 rw !x
*default*        0x0000000000000000 0xffffffffffffffff

Linker script and memory map

Address of section .data set to 0x800100
LOAD C:/VISH/Softwares/Microchip Studio/7.0/Packs/atmel/ATmega_DFP/1.7.374/xc8/avr/lib/avr5/memx-const/crtatmega328p.o
LOAD lookup.o
LOAD main.o
LOAD speaker.o
LOAD uart.o
START GROUP
LOAD c:/vish/softwares/microchip studio/xc8_compiler/avr/bin/../lib/gcc/avr/5.4.0/../../../../avr/lib/avr5/memx-const\libm.a
END GROUP
START GROUP
LOAD c:/vish/softwares/microchip studio/xc8_compiler/avr/bin/../lib/gcc/avr/5.4.0/avr5/memx-const\libgcc.a
LOAD c:/vish/softwares/microchip studio/xc8_compiler/avr/bin/../lib/gcc/avr/5.4.0/../../../../avr/lib/avr5/memx-const\libm.a
LOAD c:/vish/softwares/microchip studio/xc8_compiler/avr/bin/../lib/gcc/avr/5.4.0/../../../../avr/lib/avr5/memx-const\libc.a
LOAD C:/VISH/Softwares/Microchip Studio/7.0/Packs/atmel/ATmega_DFP/1.7.374/xc8/avr/lib/avr5/memx-const\libatmega328p.a
END GROUP
                0x0000000000000000                __TEXT_REGION_ORIGIN__ = DEFINED (__TEXT_REGION_ORIGIN__)?__TEXT_REGION_ORIGIN__:0x0
                [0x0000000000800100]                __DATA_REGION_ORIGIN__ = DEFINED (__DATA_REGION_ORIGIN__)?__DATA_REGION_ORIGIN__:0x800060
                [0x0000000000008000]                __TEXT_REGION_LENGTH__ = DEFINED (__TEXT_REGION_LENGTH__)?__TEXT_REGION_LENGTH__:0x20000
                [0x0000000000000800]                __DATA_REGION_LENGTH__ = DEFINED (__DATA_REGION_LENGTH__)?__DATA_REGION_LENGTH__:0xffa0
                [0x0000000000000400]                __EEPROM_REGION_LENGTH__ = DEFINED (__EEPROM_REGION_LENGTH__)?__EEPROM_REGION_LENGTH__:0x10000
                [0x0000000000000003]                __FUSE_REGION_LENGTH__ = DEFINED (__FUSE_REGION_LENGTH__)?__FUSE_REGION_LENGTH__:0x400
                0x0000000000000400                __LOCK_REGION_LENGTH__ = DEFINED (__LOCK_REGION_LENGTH__)?__LOCK_REGION_LENGTH__:0x400
                0x0000000000000400                __SIGNATURE_REGION_LENGTH__ = DEFINED (__SIGNATURE_REGION_LENGTH__)?__SIGNATURE_REGION_LENGTH__:0x400
                0x0000000000000400                __USER_SIGNATURE_REGION_LENGTH__ = DEFINED (__USER_SIGNATURE_REGION_LENGTH__)?__USER_SIGNATURE_REGION_LENGTH__:0x400

.hash
 *(.hash)

.dynsym
 *(.dynsym)

.dynstr
 *(.dynstr)

.gnu.version
 *(.gnu.version)

.gnu.version_d
 *(.gnu.version_d)

.gnu.version_r
 *(.gnu.version_r)

.rel.init
 *(.rel.init)

.rela.init
 *(.rela.init)

.rel.text
 *(.rel.text)
 *(.rel.text.*)
 *(.rel.gnu.linkonce.t*)

.rela.text
 *(.rela.text)
 *(.rela.text.*)
 *(.rela.gnu.linkonce.t*)

.rel.fini
 *(.rel.fini)

.rela.fini
 *(.rela.fini)

.rel.rodata
 *(.rel.rodata)
 *(.rel.rodata.*)
 *(.rel.gnu.linkonce.r*)

.rela.rodata
 *(.rela.rodata)
 *(.rela.rodata.*)
 *(.rela.gnu.linkonce.r*)

.rel.data
 *(.rel.data)
 *(.rel.data.*)
 *(.rel.gnu.linkonce.d*)

.rela.data
 *(.rela.data)
 *(.rela.data.*)
 *(.rela.gnu.linkonce.d*)

.rel.ctors
 *(.rel.ctors)

.rela.ctors
 *(.rela.ctors)

.rel.dtors
 *(.rel.dtors)

.rela.dtors
 *(.rela.dtors)

.rel.got
 *(.rel.got)

.rela.got
 *(.rela.got)

.rel.bss
 *(.rel.bss)

.rela.bss
 *(.rela.bss)

.rel.plt
 *(.rel.plt)

.rela.plt
 *(.rela.plt)

.text           0x0000000000000000       0xc8
 *(.vectors)
 .vectors       0x0000000000000000       0x68 C:/VISH/Softwares/Microchip Studio/7.0/Packs/atmel/ATmega_DFP/1.7.374/xc8/avr/lib/avr5/memx-const/crtatmega328p.o
                0x0000000000000000                __vector_default
                0x0000000000000000                __vectors
 *(.vectors)
 *(.progmem.gcc*)
 *(.dinit)
 .dinit         0x0000000000000068        0xc data_init
                0x0000000000000074                . = ALIGN (0x2)
                0x0000000000000074                __trampolines_start = .
 *(.trampolines)
 .trampolines   0x0000000000000074        0x0 linker stubs
 *(.trampolines*)
                0x0000000000000074                __trampolines_end = .
 *libprintf_flt.a:*(.progmem.data)
 *libc.a:*(.progmem.data)
                0x0000000000000074                . = ALIGN (0x2)
 *(.jumptables)
 *(.jumptables*)
 *(.lowtext)
 *(.lowtext*)
                0x0000000000000074                __ctors_start = .
 *(.ctors)
                0x0000000000000074                __ctors_end = .
                0x0000000000000074                __dtors_start = .
 *(.dtors)
                0x0000000000000074                __dtors_end = .
 SORT(*)(.ctors)
 SORT(*)(.dtors)
 *(.init0)
 .init0         0x0000000000000074        0x0 C:/VISH/Softwares/Microchip Studio/7.0/Packs/atmel/ATmega_DFP/1.7.374/xc8/avr/lib/avr5/memx-const/crtatmega328p.o
                0x0000000000000074                __init
 *(.init0)
 *(.init1)
 *(.init1)
 *(.init2)
 .init2         0x0000000000000074        0xc C:/VISH/Softwares/Microchip Studio/7.0/Packs/atmel/ATmega_DFP/1.7.374/xc8/avr/lib/avr5/memx-const/crtatmega328p.o
 *(.init2)
 *(.init3)
 *(.init3)
 *(.init4)
 .init4         0x0000000000000080       0x3c c:/vish/softwares/microchip studio/xc8_compiler/avr/bin/../lib/gcc/avr/5.4.0/avr5/memx-const\libgcc.a(_copy_data.o)
                0x0000000000000080                __do_copy_data
                0x00000000000000ae                __do_clear_bss
 *(.init4)
 *(.init5)
 *(.init5)
 *(.init6)
 *(.init6)
 *(.init7)
 *(.init7)
 *(.init8)
 *(.init8)
 *(.init9)
 .init9         0x00000000000000bc        0x8 C:/VISH/Softwares/Microchip Studio/7.0/Packs/atmel/ATmega_DFP/1.7.374/xc8/avr/lib/avr5/memx-const/crtatmega328p.o
 *(.init9)
                0x00000000000000c4                . = ALIGN (0x2)
 *(.fini9)
 .fini9         0x00000000000000c4        0x0 c:/vish/softwares/microchip studio/xc8_compiler/avr/bin/../lib/gcc/avr/5.4.0/avr5/memx-const\libgcc.a(_exit.o)
                0x00000000000000c4                _exit
 *(.fini9)
 *(.fini8)
 *(.fini8)
 *(.fini7)
 *(.fini7)
 *(.fini6)
 *(.fini6)
 *(.fini5)
 *(.fini5)
 *(.fini4)
 *(.fini4)
 *(.fini3)
 *(.fini3)
 *(.fini2)
 *(.fini2)
 *(.fini1)
 *(.fini1)
 *(.fini0)
 .fini0         0x00000000000000c4        0x4 c:/vish/softwares/microchip studio/xc8_compiler/avr/bin/../lib/gcc/avr/5.4.0/avr5/memx-const\libgcc.a(_exit.o)
 *(.fini0)
                0x00000000000000c8                _etext = .

.data           0x0000000000800100        0x0 load address 0x00000000000000c8
                [!provide]                        PROVIDE (__data_start, .)
 *(.gnu.linkonce.d*)
 *(.gnu.linkonce.r*)
                0x0000000000800100                . = ALIGN (0x2)
                0x0000000000800100                _edata = .
                [!provide]                        PROVIDE (__data_end, .)

.bss            0x0000000000800100        0xb
                [!provide]                        PROVIDE (__bss_start, .)
 *(COMMON)
 COMMON         0x0000000000800100        0xb main.o
                0x0000000000800100                str1
                0x000000000080010a                rcv
                [!provide]                        PROVIDE (__bss_end, .)
                0x00000000000000c8                __data_load_start = LOADADDR (.data)
                0x00000000000000c8                __data_load_end = (__data_load_start + SIZEOF (.data))

.noinit         0x000000000080010b        0x0
                [!provide]                        PROVIDE (__noinit_start, .)
 *(.noinit*)
                [!provide]                        PROVIDE (__noinit_end, .)
                0x000000000080010b                _end = .

.eeprom         0x0000000000810000        0x0
 *(.eeprom*)
                0x0000000000810000                __eeprom_end = .

.fuse
 *(.fuse)
 *(.lfuse)
 *(.hfuse)
 *(.efuse)

.lock
 *(.lock*)

.signature
 *(.signature*)

.user_signatures
 *(.user_signatures*)

.stab
 *(.stab)

.stabstr
 *(.stabstr)

.stab.excl
 *(.stab.excl)

.stab.exclstr
 *(.stab.exclstr)

.stab.index
 *(.stab.index)

.stab.indexstr
 *(.stab.indexstr)

.comment        0x0000000000000000       0x2f
 *(.comment)
 .comment       0x0000000000000000       0x2f lookup.o
                                         0x30 (size before relaxing)
 .comment       0x000000000000002f       0x30 main.o
 .comment       0x000000000000002f       0x30 speaker.o
 .comment       0x000000000000002f       0x30 uart.o
 .comment       0x000000000000002f       0x30 c:/vish/softwares/microchip studio/xc8_compiler/avr/bin/../lib/gcc/avr/5.4.0/../../../../avr/lib/avr5/memx-const\libc.a(exit.o)
 .comment       0x000000000000002f       0x30 c:/vish/softwares/microchip studio/xc8_compiler/avr/bin/../lib/gcc/avr/5.4.0/../../../../avr/lib/avr5/memx-const\libc.a(_Exit.o)

.note.GNU-stack
                0x0000000000000000        0x0
 .note.GNU-stack
                0x0000000000000000        0x0 c:/vish/softwares/microchip studio/xc8_compiler/avr/bin/../lib/gcc/avr/5.4.0/../../../../avr/lib/avr5/memx-const\libc.a(exit.o)
 .note.GNU-stack
                0x0000000000000000        0x0 c:/vish/softwares/microchip studio/xc8_compiler/avr/bin/../lib/gcc/avr/5.4.0/../../../../avr/lib/avr5/memx-const\libc.a(_Exit.o)

.stack.descriptors.hdr
                0x0000000000000000        0xe
 .stack.descriptors.hdr
                0x0000000000000000        0xe c:/vish/softwares/microchip studio/xc8_compiler/avr/bin/../lib/gcc/avr/5.4.0/avr5/memx-const\libgcc.a(_exit.o)

.note.gnu.build-id
 *(.note.gnu.build-id)

.debug
 *(.debug)

.line
 *(.line)

.debug_srcinfo
 *(.debug_srcinfo)

.debug_sfnames
 *(.debug_sfnames)

.debug_aranges  0x0000000000000000       0xe0
 *(.debug_aranges)
 .debug_aranges
                0x0000000000000000       0x18 lookup.o
 .debug_aranges
                0x0000000000000018       0x38 main.o
 .debug_aranges
                0x0000000000000050       0x60 speaker.o
 .debug_aranges
                0x00000000000000b0       0x30 uart.o

.debug_pubnames
 *(.debug_pubnames)

.debug_info     0x0000000000000000     0x1677
 *(.debug_info .gnu.linkonce.wi.*)
 .debug_info    0x0000000000000000      0x5f4 C:/VISH/Softwares/Microchip Studio/7.0/Packs/atmel/ATmega_DFP/1.7.374/xc8/avr/lib/avr5/memx-const/crtatmega328p.o
 .debug_info    0x00000000000005f4      0x1f3 lookup.o
 .debug_info    0x00000000000007e7      0x49b main.o
 .debug_info    0x0000000000000c82      0x6fc speaker.o
 .debug_info    0x000000000000137e      0x2f9 uart.o

.debug_abbrev   0x0000000000000000      0x9ba
 *(.debug_abbrev)
 .debug_abbrev  0x0000000000000000      0x5a2 C:/VISH/Softwares/Microchip Studio/7.0/Packs/atmel/ATmega_DFP/1.7.374/xc8/avr/lib/avr5/memx-const/crtatmega328p.o
 .debug_abbrev  0x00000000000005a2       0x31 lookup.o
 .debug_abbrev  0x00000000000005d3      0x188 main.o
 .debug_abbrev  0x000000000000075b      0x1b7 speaker.o
 .debug_abbrev  0x0000000000000912       0xa8 uart.o

.debug_line     0x0000000000000000      0x62d
 *(.debug_line .debug_line.* .debug_line_end)
 .debug_line    0x0000000000000000      0x137 C:/VISH/Softwares/Microchip Studio/7.0/Packs/atmel/ATmega_DFP/1.7.374/xc8/avr/lib/avr5/memx-const/crtatmega328p.o
 .debug_line    0x0000000000000137       0x2b lookup.o
 .debug_line    0x0000000000000162      0x18c main.o
 .debug_line    0x00000000000002ee      0x241 speaker.o
 .debug_line    0x000000000000052f       0xfe uart.o

.debug_frame    0x0000000000000000      0x1c0
 *(.debug_frame)
 .debug_frame   0x0000000000000000       0xc0 main.o
 .debug_frame   0x00000000000000c0       0xb0 speaker.o
 .debug_frame   0x0000000000000170       0x50 uart.o

.debug_str      0x0000000000000000      0x234
 *(.debug_str)
 .debug_str     0x0000000000000000      0x208 C:/VISH/Softwares/Microchip Studio/7.0/Packs/atmel/ATmega_DFP/1.7.374/xc8/avr/lib/avr5/memx-const/crtatmega328p.o
 .debug_str     0x0000000000000208        0x0 lookup.o
 .debug_str     0x0000000000000208       0x22 main.o
 .debug_str     0x000000000000022a        0xa speaker.o
 .debug_str     0x0000000000000234        0x0 uart.o

.debug_loc      0x0000000000000000      0x47b
 *(.debug_loc)
 .debug_loc     0x0000000000000000      0x1cb main.o
 .debug_loc     0x00000000000001cb      0x259 speaker.o
 .debug_loc     0x0000000000000424       0x57 uart.o

.debug_macinfo
 *(.debug_macinfo)

.debug_weaknames
 *(.debug_weaknames)

.debug_funcnames
 *(.debug_funcnames)

.debug_typenames
 *(.debug_typenames)

.debug_varnames
 *(.debug_varnames)

.debug_pubtypes
 *(.debug_pubtypes)

.debug_ranges   0x0000000000000000       0xb0
 *(.debug_ranges)
 .debug_ranges  0x0000000000000000       0x28 main.o
 .debug_ranges  0x0000000000000028       0x68 speaker.o
 .debug_ranges  0x0000000000000090       0x20 uart.o

.debug_macro
 *(.debug_macro)
OUTPUT(atmel.elf elf32-avr)
LOAD linker stubs
LOAD data_init

.note.gnu.avr.deviceinfo
                0x0000000000000000       0x40
 .note.gnu.avr.deviceinfo
                0x0000000000000000       0x40 C:/VISH/Softwares/Microchip Studio/7.0/Packs/atmel/ATmega_DFP/1.7.374/xc8/avr/lib/avr5/memx-const/crtatmega328p.o

.progmemx.data.char_lookup
                0x00000000000000c8       0x5f
 .progmemx.data.char_lookup
                0x00000000000000c8       0x5f lookup.o
                0x00000000000000c8                char_lookup

.text.__vector_10
                0x0000000000000128       0x5c
 .text.__vector_10
                0x0000000000000128       0x5c main.o
                0x0000000000000128                __vector_10

.text.sendPacket
                0x0000000000000184       0x50
 .text.sendPacket
                0x0000000000000184       0x50 speaker.o
                0x0000000000000184                sendPacket

.text.__vector_18
                0x00000000000001d4       0x4a
 .text.__vector_18
                0x00000000000001d4       0x4a main.o
                0x00000000000001d4                __vector_18

.text.calculateCheckSum
                0x000000000000021e       0x2c
 .text.calculateCheckSum
                0x000000000000021e       0x2c speaker.o
                0x000000000000021e                calculateCheckSum

.text.init      0x000000000000024a       0x2a
 .text.init     0x000000000000024a       0x2a main.o
                0x000000000000024a                init

.text.UART_init
                0x0000000000000274       0x28
 .text.UART_init
                0x0000000000000274       0x28 uart.o
                0x0000000000000274                UART_init

.text.speaker_begin
                0x000000000000029c       0x26
 .text.speaker_begin
                0x000000000000029c       0x26 speaker.o
                0x000000000000029c                speaker_begin

.text.speaker_outputDevice
                0x00000000000002c2       0x1e
 .text.speaker_outputDevice
                0x00000000000002c2       0x1e speaker.o
                0x00000000000002c2                speaker_outputDevice

.text.main      0x00000000000002e0       0x1c
 .text.main     0x00000000000002e0       0x1c main.o
                0x00000000000002e0                main

.text.exit      0x00000000000002fc       0x16
 .text.exit     0x00000000000002fc       0x16 c:/vish/softwares/microchip studio/xc8_compiler/avr/bin/../lib/gcc/avr/5.4.0/../../../../avr/lib/avr5/memx-const\libc.a(exit.o)
                0x00000000000002fc                exit

.text.UART_send
                0x0000000000000312        0xe
 .text.UART_send
                0x0000000000000312        0xe uart.o
                0x0000000000000312                UART_send

.text.speaker_reset
                0x0000000000000320        0xc
 .text.speaker_reset
                0x0000000000000320        0xc speaker.o
                0x0000000000000320                speaker_reset

.text.speaker_setVolume
                0x000000000000032c        0xc
 .text.speaker_setVolume
                0x000000000000032c        0xc speaker.o
                0x000000000000032c                speaker_setVolume

.text.speaker_setEQ
                0x0000000000000338        0xc
 .text.speaker_setEQ
                0x0000000000000338        0xc speaker.o
                0x0000000000000338                speaker_setEQ

.text.uint16ToArray
                0x0000000000000344        0x8
 .text.uint16ToArray
                0x0000000000000344        0x8 speaker.o
                0x0000000000000344                uint16ToArray

.text           0x000000000000034c        0x4
 .text          0x000000000000034c        0x4 C:/VISH/Softwares/Microchip Studio/7.0/Packs/atmel/ATmega_DFP/1.7.374/xc8/avr/lib/avr5/memx-const/crtatmega328p.o
                0x000000000000034c                __vector_22
                0x000000000000034c                __vector_1
                0x000000000000034c                __vector_24
                0x000000000000034c                __vector_12
                0x000000000000034c                __bad_interrupt
                0x000000000000034c                __vector_6
                0x000000000000034c                __vector_3
                0x000000000000034c                __vector_23
                0x000000000000034c                __vector_25
                0x000000000000034c                __vector_11
                0x000000000000034c                __vector_13
                0x000000000000034c                __vector_17
                0x000000000000034c                __vector_19
                0x000000000000034c                __vector_7
                0x000000000000034c                __vector_5
                0x000000000000034c                __vector_4
                0x000000000000034c                __vector_9
                0x000000000000034c                __vector_2
                0x000000000000034c                __vector_21
                0x000000000000034c                __vector_15
                0x000000000000034c                __vector_8
                0x000000000000034c                __vector_14
                0x000000000000034c                __vector_16
                0x000000000000034c                __vector_20

.text._Exit     0x0000000000000350        0x4
 .text._Exit    0x0000000000000350        0x4 c:/vish/softwares/microchip studio/xc8_compiler/avr/bin/../lib/gcc/avr/5.4.0/../../../../avr/lib/avr5/memx-const\libc.a(_Exit.o)
                0x0000000000000350                _Exit

.text.__dummy_fini
                0x0000000000000354        0x2
 .text.__dummy_fini
                0x0000000000000354        0x2 c:/vish/softwares/microchip studio/xc8_compiler/avr/bin/../lib/gcc/avr/5.4.0/../../../../avr/lib/avr5/memx-const\libc.a(exit.o)
                0x0000000000000354                _fini

.text.__dummy_funcs_on_exit
                0x0000000000000356        0x2
 .text.__dummy_funcs_on_exit
                0x0000000000000356        0x2 c:/vish/softwares/microchip studio/xc8_compiler/avr/bin/../lib/gcc/avr/5.4.0/../../../../avr/lib/avr5/memx-const\libc.a(exit.o)
                0x0000000000000356                __funcs_on_exit

.text.__dummy_simulator_exit
                0x0000000000000358        0x2
 .text.__dummy_simulator_exit
                0x0000000000000358        0x2 c:/vish/softwares/microchip studio/xc8_compiler/avr/bin/../lib/gcc/avr/5.4.0/../../../../avr/lib/avr5/memx-const\libc.a(exit.o)
                0x0000000000000358                __simulator_exit

.data._packet   0x000000000080010b        0xa load address 0x000000000000035a
 .data._packet  0x000000000080010b        0xa speaker.o
                0x000000000080010b                _packet
